============================= test session starts =============================
platform win32 -- Python 3.12.4, pytest-9.0.2, pluggy-1.6.0 -- D:\datarun\superset-datarun\datarun-lmis\backend\venv\Scripts\python.exe
cachedir: .pytest_cache
rootdir: D:\datarun\superset-datarun\datarun-lmis\backend
plugins: anyio-4.12.1, asyncio-1.3.0
asyncio: mode=Mode.STRICT, debug=False, asyncio_default_fixture_loop_scope=None, asyncio_default_test_loop_scope=function
collecting ... collected 4 items

tests/ledger/test_in_transit.py::test_happy_path_transfer FAILED         [ 25%]
tests/ledger/test_in_transit.py::test_partial_receipt_discrepancy FAILED [ 50%]
tests/ledger/test_in_transit.py::test_auto_close_stale_transfers PASSED  [ 75%]
tests/ledger/test_in_transit.py::test_internal_dlq_on_auto_close_error PASSED [100%]

================================== FAILURES ===================================
__________________________ test_happy_path_transfer ___________________________

self = <sqlalchemy.engine.base.Connection object at 0x0000019FE80717F0>
dialect = <sqlalchemy.dialects.sqlite.aiosqlite.SQLiteDialect_aiosqlite object at 0x0000019FE8071280>
constructor = <bound method DefaultExecutionContext._init_compiled of <class 'sqlalchemy.dialects.sqlite.aiosqlite.SQLiteExecutionContext_aiosqlite'>>
statement = <sqlalchemy.dialects.sqlite.base.SQLiteCompiler object at 0x0000019FE813CE00>
parameters = [{}]
execution_options = immutabledict({'prebuffer_rows': True, '_result_disable_adapt_to_context': True})
args = (<sqlalchemy.dialects.sqlite.base.SQLiteCompiler object at 0x0000019FE813CE00>, [{}], <sqlalchemy.sql.selectable.Selec...0019FE7E60470>, [BindParameter('%(1786305041936 transfer_id)s', '594e5922-2ca6-4113-a338-37fd3a5eb01e', type_=Uuid())])
kw = {'cache_hit': <CacheStats.CACHE_MISS: 1>}, yp = None
conn = <sqlalchemy.pool.base._ConnectionFairy object at 0x0000019FE801A7B0>

    def _execute_context(
        self,
        dialect: Dialect,
        constructor: Callable[..., ExecutionContext],
        statement: Union[str, Compiled],
        parameters: Optional[_AnyMultiExecuteParams],
        execution_options: _ExecuteOptions,
        *args: Any,
        **kw: Any,
    ) -> CursorResult[Any]:
        """Create an :class:`.ExecutionContext` and execute, returning
        a :class:`_engine.CursorResult`."""
    
        if execution_options:
            yp = execution_options.get("yield_per", None)
            if yp:
                execution_options = execution_options.union(
                    {"stream_results": True, "max_row_buffer": yp}
                )
        try:
            conn = self._dbapi_connection
            if conn is None:
                conn = self._revalidate_connection()
    
>           context = constructor(
                dialect, self, conn, execution_options, *args, **kw
            )

venv\Lib\site-packages\sqlalchemy\engine\base.py:1815: 
_ _ _ _ _ _ _ _ _ _ _ _ _ _ _ _ _ _ _ _ _ _ _ _ _ _ _ _ _ _ _ _ _ _ _ _ _ _ _ _
venv\Lib\site-packages\sqlalchemy\engine\default.py:1496: in _init_compiled
    flattened_processors[key](compiled_params[key])
_ _ _ _ _ _ _ _ _ _ _ _ _ _ _ _ _ _ _ _ _ _ _ _ _ _ _ _ _ _ _ _ _ _ _ _ _ _ _ _

value = '594e5922-2ca6-4113-a338-37fd3a5eb01e'

    def process(value):
        if value is not None:
>           value = value.hex
                    ^^^^^^^^^
E           AttributeError: 'str' object has no attribute 'hex'

venv\Lib\site-packages\sqlalchemy\sql\sqltypes.py:3734: AttributeError

The above exception was the direct cause of the following exception:

db_session = <sqlalchemy.ext.asyncio.session.AsyncSession object at 0x0000019FE361EAB0>
seeded_warehouse = None

    @pytest.mark.asyncio
    async def test_happy_path_transfer(db_session, seeded_warehouse):
        """Warehouse DEDUCTS 50 (Dispatch). Clinic ADDS 50 (Receipt)."""
    
        # 1. Dispatch
        dispatch_cmd = base_command(TransactionType.TRANSFER, 50, "DISP_1")
        dispatch_cmd.node_id = "WAREHOUSE"
    
        registry = await InTransitService.process_dispatch(db_session, dispatch_cmd, dest_node_id="CLINIC_1")
        await db_session.commit()
    
        assert registry.status == InTransitStatus.OPEN
    
        warehouse_bal = (await db_session.execute(select(StockBalance).where(StockBalance.node_id == "WAREHOUSE"))).scalars().first()
        assert warehouse_bal.quantity == 50 # Deducted
    
        clinic_bal = (await db_session.execute(select(StockBalance).where(StockBalance.node_id == "CLINIC_1"))).scalars().first()
        assert clinic_bal is None # Nothing arrived yet!
    
        # 2. Receipt
        receipt_cmd = base_command(TransactionType.RECEIPT, 50, "RECV_1", str(registry.transfer_id))
        receipt_cmd.node_id = "CLINIC_1"
    
>       registry_updated = await InTransitService.process_receipt(db_session, receipt_cmd, str(registry.transfer_id))
                           ^^^^^^^^^^^^^^^^^^^^^^^^^^^^^^^^^^^^^^^^^^^^^^^^^^^^^^^^^^^^^^^^^^^^^^^^^^^^^^^^^^^^^^^^^^

tests\ledger\test_in_transit.py:55: 
_ _ _ _ _ _ _ _ _ _ _ _ _ _ _ _ _ _ _ _ _ _ _ _ _ _ _ _ _ _ _ _ _ _ _ _ _ _ _ _
app\ledger\domain\in_transit\service.py:51: in process_receipt
    result = await session.execute(stmt)
             ^^^^^^^^^^^^^^^^^^^^^^^^^^^
venv\Lib\site-packages\sqlalchemy\ext\asyncio\session.py:449: in execute
    result = await greenlet_spawn(
venv\Lib\site-packages\sqlalchemy\util\_concurrency_py3k.py:190: in greenlet_spawn
    result = context.switch(*args, **kwargs)
             ^^^^^^^^^^^^^^^^^^^^^^^^^^^^^^^
venv\Lib\site-packages\sqlalchemy\orm\session.py:2351: in execute
    return self._execute_internal(
venv\Lib\site-packages\sqlalchemy\orm\session.py:2249: in _execute_internal
    result: Result[Any] = compile_state_cls.orm_execute_statement(
venv\Lib\site-packages\sqlalchemy\orm\context.py:306: in orm_execute_statement
    result = conn.execute(
venv\Lib\site-packages\sqlalchemy\engine\base.py:1419: in execute
    return meth(
venv\Lib\site-packages\sqlalchemy\sql\elements.py:527: in _execute_on_connection
    return connection._execute_clauseelement(
venv\Lib\site-packages\sqlalchemy\engine\base.py:1641: in _execute_clauseelement
    ret = self._execute_context(
venv\Lib\site-packages\sqlalchemy\engine\base.py:1821: in _execute_context
    self._handle_dbapi_exception(
venv\Lib\site-packages\sqlalchemy\engine\base.py:2363: in _handle_dbapi_exception
    raise sqlalchemy_exception.with_traceback(exc_info[2]) from e
venv\Lib\site-packages\sqlalchemy\engine\base.py:1815: in _execute_context
    context = constructor(
venv\Lib\site-packages\sqlalchemy\engine\default.py:1496: in _init_compiled
    flattened_processors[key](compiled_params[key])
_ _ _ _ _ _ _ _ _ _ _ _ _ _ _ _ _ _ _ _ _ _ _ _ _ _ _ _ _ _ _ _ _ _ _ _ _ _ _ _

value = '594e5922-2ca6-4113-a338-37fd3a5eb01e'

    def process(value):
        if value is not None:
>           value = value.hex
                    ^^^^^^^^^
E           sqlalchemy.exc.StatementError: (builtins.AttributeError) 'str' object has no attribute 'hex'
E           [SQL: SELECT ledger_in_transit_registry.transfer_id, ledger_in_transit_registry.source_node_id, ledger_in_transit_registry.dest_node_id, ledger_in_transit_registry.item_id, ledger_in_transit_registry.qty_shipped, ledger_in_transit_registry.qty_received, ledger_in_transit_registry.status, ledger_in_transit_registry.dispatched_at, ledger_in_transit_registry.auto_close_after, ledger_in_transit_registry.created_at, ledger_in_transit_registry.updated_at 
E           FROM ledger_in_transit_registry 
E           WHERE ledger_in_transit_registry.transfer_id = ?]
E           [parameters: [{}]]

venv\Lib\site-packages\sqlalchemy\sql\sqltypes.py:3734: StatementError
______________________ test_partial_receipt_discrepancy _______________________

self = <sqlalchemy.engine.base.Connection object at 0x0000019FE818F0E0>
dialect = <sqlalchemy.dialects.sqlite.aiosqlite.SQLiteDialect_aiosqlite object at 0x0000019FE818C410>
constructor = <bound method DefaultExecutionContext._init_compiled of <class 'sqlalchemy.dialects.sqlite.aiosqlite.SQLiteExecutionContext_aiosqlite'>>
statement = <sqlalchemy.dialects.sqlite.base.SQLiteCompiler object at 0x0000019FE84A8260>
parameters = [{}]
execution_options = immutabledict({'prebuffer_rows': True, '_result_disable_adapt_to_context': True})
args = (<sqlalchemy.dialects.sqlite.base.SQLiteCompiler object at 0x0000019FE84A8260>, [{}], <sqlalchemy.sql.selectable.Selec...0019FE8071100>, [BindParameter('%(1786305372544 transfer_id)s', '666b3cf1-750b-44b7-b3b4-8d53e9737e7b', type_=Uuid())])
kw = {'cache_hit': <CacheStats.CACHE_MISS: 1>}, yp = None
conn = <sqlalchemy.pool.base._ConnectionFairy object at 0x0000019FE8B2A090>

    def _execute_context(
        self,
        dialect: Dialect,
        constructor: Callable[..., ExecutionContext],
        statement: Union[str, Compiled],
        parameters: Optional[_AnyMultiExecuteParams],
        execution_options: _ExecuteOptions,
        *args: Any,
        **kw: Any,
    ) -> CursorResult[Any]:
        """Create an :class:`.ExecutionContext` and execute, returning
        a :class:`_engine.CursorResult`."""
    
        if execution_options:
            yp = execution_options.get("yield_per", None)
            if yp:
                execution_options = execution_options.union(
                    {"stream_results": True, "max_row_buffer": yp}
                )
        try:
            conn = self._dbapi_connection
            if conn is None:
                conn = self._revalidate_connection()
    
>           context = constructor(
                dialect, self, conn, execution_options, *args, **kw
            )

venv\Lib\site-packages\sqlalchemy\engine\base.py:1815: 
_ _ _ _ _ _ _ _ _ _ _ _ _ _ _ _ _ _ _ _ _ _ _ _ _ _ _ _ _ _ _ _ _ _ _ _ _ _ _ _
venv\Lib\site-packages\sqlalchemy\engine\default.py:1496: in _init_compiled
    flattened_processors[key](compiled_params[key])
_ _ _ _ _ _ _ _ _ _ _ _ _ _ _ _ _ _ _ _ _ _ _ _ _ _ _ _ _ _ _ _ _ _ _ _ _ _ _ _

value = '666b3cf1-750b-44b7-b3b4-8d53e9737e7b'

    def process(value):
        if value is not None:
>           value = value.hex
                    ^^^^^^^^^
E           AttributeError: 'str' object has no attribute 'hex'

venv\Lib\site-packages\sqlalchemy\sql\sqltypes.py:3734: AttributeError

The above exception was the direct cause of the following exception:

db_session = <sqlalchemy.ext.asyncio.session.AsyncSession object at 0x0000019FE813E750>
seeded_warehouse = None

    @pytest.mark.asyncio
    async def test_partial_receipt_discrepancy(db_session, seeded_warehouse):
        """Warehouse sends 50. Clinic only receives 40."""
    
        dispatch_cmd = base_command(TransactionType.TRANSFER, 50, "DISP_2")
        dispatch_cmd.node_id = "WAREHOUSE"
        registry = await InTransitService.process_dispatch(db_session, dispatch_cmd, "CLINIC_1")
        await db_session.commit()
    
        receipt_cmd = base_command(TransactionType.RECEIPT, 40, "RECV_2", str(registry.transfer_id))
        receipt_cmd.node_id = "CLINIC_1"
    
>       registry_updated = await InTransitService.process_receipt(db_session, receipt_cmd, str(registry.transfer_id))
                           ^^^^^^^^^^^^^^^^^^^^^^^^^^^^^^^^^^^^^^^^^^^^^^^^^^^^^^^^^^^^^^^^^^^^^^^^^^^^^^^^^^^^^^^^^^

tests\ledger\test_in_transit.py:76: 
_ _ _ _ _ _ _ _ _ _ _ _ _ _ _ _ _ _ _ _ _ _ _ _ _ _ _ _ _ _ _ _ _ _ _ _ _ _ _ _
app\ledger\domain\in_transit\service.py:51: in process_receipt
    result = await session.execute(stmt)
             ^^^^^^^^^^^^^^^^^^^^^^^^^^^
venv\Lib\site-packages\sqlalchemy\ext\asyncio\session.py:449: in execute
    result = await greenlet_spawn(
venv\Lib\site-packages\sqlalchemy\util\_concurrency_py3k.py:190: in greenlet_spawn
    result = context.switch(*args, **kwargs)
             ^^^^^^^^^^^^^^^^^^^^^^^^^^^^^^^
venv\Lib\site-packages\sqlalchemy\orm\session.py:2351: in execute
    return self._execute_internal(
venv\Lib\site-packages\sqlalchemy\orm\session.py:2249: in _execute_internal
    result: Result[Any] = compile_state_cls.orm_execute_statement(
venv\Lib\site-packages\sqlalchemy\orm\context.py:306: in orm_execute_statement
    result = conn.execute(
venv\Lib\site-packages\sqlalchemy\engine\base.py:1419: in execute
    return meth(
venv\Lib\site-packages\sqlalchemy\sql\elements.py:527: in _execute_on_connection
    return connection._execute_clauseelement(
venv\Lib\site-packages\sqlalchemy\engine\base.py:1641: in _execute_clauseelement
    ret = self._execute_context(
venv\Lib\site-packages\sqlalchemy\engine\base.py:1821: in _execute_context
    self._handle_dbapi_exception(
venv\Lib\site-packages\sqlalchemy\engine\base.py:2363: in _handle_dbapi_exception
    raise sqlalchemy_exception.with_traceback(exc_info[2]) from e
venv\Lib\site-packages\sqlalchemy\engine\base.py:1815: in _execute_context
    context = constructor(
venv\Lib\site-packages\sqlalchemy\engine\default.py:1496: in _init_compiled
    flattened_processors[key](compiled_params[key])
_ _ _ _ _ _ _ _ _ _ _ _ _ _ _ _ _ _ _ _ _ _ _ _ _ _ _ _ _ _ _ _ _ _ _ _ _ _ _ _

value = '666b3cf1-750b-44b7-b3b4-8d53e9737e7b'

    def process(value):
        if value is not None:
>           value = value.hex
                    ^^^^^^^^^
E           sqlalchemy.exc.StatementError: (builtins.AttributeError) 'str' object has no attribute 'hex'
E           [SQL: SELECT ledger_in_transit_registry.transfer_id, ledger_in_transit_registry.source_node_id, ledger_in_transit_registry.dest_node_id, ledger_in_transit_registry.item_id, ledger_in_transit_registry.qty_shipped, ledger_in_transit_registry.qty_received, ledger_in_transit_registry.status, ledger_in_transit_registry.dispatched_at, ledger_in_transit_registry.auto_close_after, ledger_in_transit_registry.created_at, ledger_in_transit_registry.updated_at 
E           FROM ledger_in_transit_registry 
E           WHERE ledger_in_transit_registry.transfer_id = ?]
E           [parameters: [{}]]

venv\Lib\site-packages\sqlalchemy\sql\sqltypes.py:3734: StatementError
=========================== short test summary info ===========================
FAILED tests/ledger/test_in_transit.py::test_happy_path_transfer - sqlalchemy.exc.StatementError: (builtins.AttributeError) 'str' object has no attribute 'hex'
[SQL: SELECT ledger_in_transit_registry.transfer_id, ledger_in_transit_registry.source_node_id, ledger_in_transit_registry.dest_node_id, ledger_in_transit_registry.item_id, ledger_in_transit_registry.qty_shipped, ledger_in_transit_registry.qty_received, ledger_in_transit_registry.status, ledger_in_transit_registry.dispatched_at, ledger_in_transit_registry.auto_close_after, ledger_in_transit_registry.created_at, ledger_in_transit_registry.updated_at 
FROM ledger_in_transit_registry 
WHERE ledger_in_transit_registry.transfer_id = ?]
[parameters: [{}]]
FAILED tests/ledger/test_in_transit.py::test_partial_receipt_discrepancy - sqlalchemy.exc.StatementError: (builtins.AttributeError) 'str' object has no attribute 'hex'
[SQL: SELECT ledger_in_transit_registry.transfer_id, ledger_in_transit_registry.source_node_id, ledger_in_transit_registry.dest_node_id, ledger_in_transit_registry.item_id, ledger_in_transit_registry.qty_shipped, ledger_in_transit_registry.qty_received, ledger_in_transit_registry.status, ledger_in_transit_registry.dispatched_at, ledger_in_transit_registry.auto_close_after, ledger_in_transit_registry.created_at, ledger_in_transit_registry.updated_at 
FROM ledger_in_transit_registry 
WHERE ledger_in_transit_registry.transfer_id = ?]
[parameters: [{}]]
========================= 2 failed, 2 passed in 1.65s =========================
